         ps       /test_sm/reset_n     /test_sm/dut/re_res       /test_sm/dut/im_a                          
          delta      /test_sm/handshake      /test_sm/dut/im_res       /test_sm/dut/re_q                    
                             /test_sm/data_in         /test_sm/dut/LED       /test_sm/dut/im_q              
                                  /test_sm/dut/state       /test_sm/dut/re_a                                
          0  +0                  1    0 8'h00 REAL_A 8'hxx 8'hxx 8'h00 8'hxx 8'hxx 8'hxx 8'hxx 
      10000  +0                  0    0 8'h00 REAL_A 8'hxx 8'hxx 8'h00 8'hxx 8'hxx 8'hxx 8'hxx 
      20000  +0                  1    0 8'h00 REAL_A 8'hxx 8'hxx 8'h00 8'hxx 8'hxx 8'hxx 8'hxx 
    1032000  +0                  1    1 8'h01 REAL_A 8'hxx 8'hxx 8'h00 8'hxx 8'hxx 8'hxx 8'hxx 
    1045000  +1                  1    1 8'h01 REAL_A 8'hxx 8'hxx 8'h00 8'h01 8'hxx 8'hxx 8'hxx 
    2032000  +0                  1    0 8'h01 REAL_A 8'hxx 8'hxx 8'h00 8'h01 8'hxx 8'hxx 8'hxx 
    2045000  +1                  1    0 8'h01 IMAG_A 8'hxx 8'hxx 8'h00 8'h01 8'hxx 8'hxx 8'hxx 
    4032000  +0                  1    1 8'h02 IMAG_A 8'hxx 8'hxx 8'h00 8'h01 8'hxx 8'hxx 8'hxx 
    4045000  +1                  1    1 8'h02 IMAG_A 8'hxx 8'hxx 8'h00 8'h01 8'h02 8'hxx 8'hxx 
    5032000  +0                  1    0 8'h02 IMAG_A 8'hxx 8'hxx 8'h00 8'h01 8'h02 8'hxx 8'hxx 
    5045000  +1                  1    0 8'h02 REAL_Q 8'hxx 8'hxx 8'h00 8'h01 8'h02 8'hxx 8'hxx 
    7032000  +0                  1    1 8'h03 REAL_Q 8'hxx 8'hxx 8'h00 8'h01 8'h02 8'hxx 8'hxx 
    7045000  +1                  1    1 8'h03 REAL_Q 8'hxx 8'hxx 8'h00 8'h01 8'h02 8'h03 8'hxx 
    8032000  +0                  1    0 8'h03 REAL_Q 8'hxx 8'hxx 8'h00 8'h01 8'h02 8'h03 8'hxx 
    8045000  +1                  1    0 8'h03 IMAG_Q 8'hxx 8'hxx 8'h00 8'h01 8'h02 8'h03 8'hxx 
   10032000  +0                  1    1 8'h04 IMAG_Q 8'hxx 8'hxx 8'h00 8'h01 8'h02 8'h03 8'hxx 
   10045000  +1                  1    1 8'h04 IMAG_Q 8'hxx 8'hxx 8'h00 8'h01 8'h02 8'h03 8'h04 
   11032000  +0                  1    0 8'h04 IMAG_Q 8'hxx 8'hxx 8'h00 8'h01 8'h02 8'h03 8'h04 
   11045000  +1                  1    0 8'h04 ****** 8'hxx 8'hxx 8'h00 8'h01 8'h02 8'h03 8'h04 
   11045000  +2                  1    0 8'h04 ****** 8'hxx 8'hxx 8'hxx 8'h01 8'h02 8'h03 8'h04 
   12032000  +1                  1    0 8'h04 ****** 8'h05 8'h06 8'h05 8'h01 8'h02 8'h03 8'h04 
   13032000  +0                  1    1 8'h04 ****** 8'h05 8'h06 8'h05 8'h01 8'h02 8'h03 8'h04 
   13035000  +1                  1    1 8'h04 ****** 8'h05 8'h06 8'h05 8'h01 8'h02 8'h03 8'h04 
   13035000  +2                  1    1 8'h04 ****** 8'h05 8'h06 8'h06 8'h01 8'h02 8'h03 8'h04 
   14032000  +0                  1    0 8'h04 ****** 8'h05 8'h06 8'h06 8'h01 8'h02 8'h03 8'h04 
   14035000  +1                  1    0 8'h04 REAL_A 8'h05 8'h06 8'h06 8'h01 8'h02 8'h03 8'h04 
   14035000  +2                  1    0 8'h04 REAL_A 8'h05 8'h06 8'h00 8'h01 8'h02 8'h03 8'h04 
